<?xml version="1.0" encoding="utf-8"?><testsuites><testsuite errors="0" failures="0" hostname="inkatriss-VirtualBox" name="pytest" skipped="0" tests="3" time="0.570" timestamp="2020-05-17T11:07:21.208111"><testcase classname="test.test_formater.TestFormater" file="test/test_formater.py" line="5" name="test_plain_lowercase" time="0.001"></testcase><testcase classname="test.test_views.FlaskrTestCase" file="test/test_views.py" line="15" name="test_msg_with_output" time="0.014"></testcase><testcase classname="test.test_views.FlaskrTestCase" file="test/test_views.py" line="10" name="test_outputs" time="0.002"></testcase></testsuite></testsuites>